******************************************************************************
                  TI ARM Linker PC v20.2.7                     
******************************************************************************
>> Linked Fri Nov  7 11:44:07 2025

OUTPUT FILE NAME:   <Receiver_Sabertooth.out>
ENTRY POINT SYMBOL: "_c_int00_noargs"  address: 00001b11


MEMORY CONFIGURATION

         name            origin    length      used     unused   attr    fill
----------------------  --------  ---------  --------  --------  ----  --------
  FLASH                 00000000   00040000  00001c5d  0003e3a3  R  X
  SRAM                  20000000   00008000  00000268  00007d98  RW X


SEGMENT ALLOCATION MAP

run origin  load origin   length   init length attrs members
----------  ----------- ---------- ----------- ----- -------
00000000    00000000    00001c60   00001c60    r-x
  00000000    00000000    0000026c   0000026c    r-- .intvecs
  0000026c    0000026c    000019b2   000019b2    r-x .text
  00001c1e    00001c1e    0000000f   0000000f    r-- .const
  00001c30    00001c30    00000030   00000030    r-- .cinit
20000000    20000000    00000268   00000000    rw-
  20000000    20000000    00000200   00000000    rw- .stack
  20000200    20000200    0000005c   00000000    rw- .bss
  2000025c    2000025c    0000000c   00000000    rw- .data


SECTION ALLOCATION MAP

 output                                  attributes/
section   page    origin      length       input sections
--------  ----  ----------  ----------   ----------------
.intvecs   0    00000000    0000026c     
                  00000000    0000026c     tm4c123gh6pm_startup_ccs.obj (.intvecs)

.text      0    0000026c    000019b2     
                  0000026c    00000808     gpio.obj (.text)
                  00000a74    0000053c     main.obj (.text)
                  00000fb0    000004f4     nrf0.obj (.text)
                  000014a4    0000016c     spi0.obj (.text)
                  00001610    00000138     uart1.obj (.text)
                  00001748    00000128     uart0.obj (.text)
                  00001870    00000118     rgb_led.obj (.text)
                  00001988    0000009c     rtsv7M4_T_le_v4SPD16_eabi.lib : memcpy_t2.asm.obj (.text)
                  00001a24    00000068                                   : copy_decompress_lzss.c.obj (.text:decompress:lzss:__TI_decompress_lzss)
                  00001a8c    00000044                                   : autoinit.c.obj (.text:__TI_auto_init_nobinit_nopinit:__TI_auto_init_nobinit_nopinit)
                  00001ad0    00000040                                   : strtok.c.obj (.text:strtok)
                  00001b10    00000034                                   : boot_cortex_m.c.obj (.text:_c_int00_noargs:_c_int00_noargs)
                  00001b44    0000002a                                   : strspn.c.obj (.text:strspn)
                  00001b6e    00000024                                   : strcspn.c.obj (.text:strcspn)
                  00001b92    00000024     wait.obj (.text)
                  00001bb6    0000001c     rtsv7M4_T_le_v4SPD16_eabi.lib : copy_zero_init.c.obj (.text:decompress:ZI:__TI_zero_init_nomemset:__TI_zero_init_nomemset)
                  00001bd2    00000018                                   : strcmp.c.obj (.text:strcmp)
                  00001bea    00000002     --HOLE-- [fill = 0]
                  00001bec    00000010     clock.obj (.text)
                  00001bfc    0000000e     rtsv7M4_T_le_v4SPD16_eabi.lib : copy_decompress_none.c.obj (.text:decompress:none:__TI_decompress_none)
                  00001c0a    0000000c     tm4c123gh6pm_startup_ccs.obj (.text)
                  00001c16    00000004     rtsv7M4_T_le_v4SPD16_eabi.lib : pre_init.c.obj (.text:_system_pre_init)
                  00001c1a    00000004                                   : exit.c.obj (.text:abort:abort)

.const     0    00001c1e    0000000f     
                  00001c1e    00000005     nrf0.obj (.const:.string:$P$T0$1)
                  00001c23    00000005     nrf0.obj (.const:.string:$P$T1$2)
                  00001c28    00000005     nrf0.obj (.const:.string:$P$T2$3)

.cinit     0    00001c30    00000030     
                  00001c30    0000000c     (__TI_handler_table)
                  00001c3c    0000000b     (.cinit..data.load) [load image, compression = lzss]
                  00001c47    00000001     --HOLE-- [fill = 0]
                  00001c48    00000008     (.cinit..bss.load) [load image, compression = zero_init]
                  00001c50    00000010     (__TI_cinit_table)

.init_array 
*          0    00000000    00000000     UNINITIALIZED

.bss       0    20000200    0000005c     UNINITIALIZED
                  20000200    00000054     (.common:strInput)
                  20000254    00000004     (.common:config)
                  20000258    00000004     (.common:token)

.data      0    2000025c    0000000c     UNINITIALIZED
                  2000025c    00000005     main.obj (.data:RxAddress)
                  20000261    00000002     main.obj (.data)
                  20000263    00000001     --HOLE--
                  20000264    00000004     rtsv7M4_T_le_v4SPD16_eabi.lib : strtok.c.obj (.data)

.stack     0    20000000    00000200     UNINITIALIZED
                  20000000    00000004     rtsv7M4_T_le_v4SPD16_eabi.lib : boot_cortex_m.c.obj (.stack)
                  20000004    000001fc     --HOLE--

__llvm_prf_cnts 
*          0    20000000    00000000     UNINITIALIZED

MODULE SUMMARY

       Module                         code   ro data   rw data
       ------                         ----   -------   -------
    .\
       gpio.obj                       2056   0         0      
       main.obj                       1340   0         95     
       nrf0.obj                       1268   15        4      
       tm4c123gh6pm_startup_ccs.obj   12     620       0      
       spi0.obj                       364    0         0      
       uart1.obj                      312    0         0      
       uart0.obj                      296    0         0      
       rgb_led.obj                    280    0         0      
       wait.obj                       36     0         0      
       clock.obj                      16     0         0      
    +--+------------------------------+------+---------+---------+
       Total:                         5980   635       99     
                                                              
    C:\ti\ccs1260\ccs\tools\compiler\ti-cgt-arm_20.2.7.LTS\lib\rtsv7M4_T_le_v4SPD16_eabi.lib
       memcpy_t2.asm.obj              156    0         0      
       copy_decompress_lzss.c.obj     104    0         0      
       autoinit.c.obj                 68     0         0      
       strtok.c.obj                   64     0         4      
       boot_cortex_m.c.obj            52     0         0      
       strspn.c.obj                   42     0         0      
       strcspn.c.obj                  36     0         0      
       copy_zero_init.c.obj           28     0         0      
       strcmp.c.obj                   24     0         0      
       copy_decompress_none.c.obj     14     0         0      
       exit.c.obj                     4      0         0      
       pre_init.c.obj                 4      0         0      
    +--+------------------------------+------+---------+---------+
       Total:                         596    0         4      
                                                              
       Stack:                         0      0         512    
       Linker Generated:              0      47        0      
    +--+------------------------------+------+---------+---------+
       Grand Total:                   6576   682       615    


LINKER GENERATED COPY TABLES

__TI_cinit_table @ 00001c50 records: 2, size/record: 8, table size: 16
	.data: load addr=00001c3c, load size=0000000b bytes, run addr=2000025c, run size=0000000c bytes, compression=lzss
	.bss: load addr=00001c48, load size=00000008 bytes, run addr=20000200, run size=0000005c bytes, compression=zero_init


LINKER GENERATED HANDLER TABLE

__TI_handler_table @ 00001c30 records: 3, size/record: 4, table size: 12
	index: 0, handler: __TI_decompress_lzss
	index: 1, handler: __TI_decompress_none
	index: 2, handler: __TI_zero_init


GLOBAL SYMBOLS: SORTED ALPHABETICALLY BY Name 

address   name                          
-------   ----                          
00001c1b  C$$EXIT                       
0000121d  NRF24_Init                    
00001261  NRF24_InitRX                  
00001437  NRF24_Receive                 
0000138d  NRF24_Rx                      
000012f1  NRF24_Transmit                
000012a5  NRF24_Tx                      
000010c7  NRF24_res                     
00001051  NRF_COMMAND                   
0000101d  NRF_READ_REG                  
0000106d  NRF_WR_MULTI                  
00000fe9  NRF_WR_REG                    
00001c0b  ResetISR                      
20000262  SYN_SEND                      
20000200  __STACK_END                   
00000200  __STACK_SIZE                  
20000200  __STACK_TOP                   
00001c50  __TI_CINIT_Base               
00001c60  __TI_CINIT_Limit              
00001c30  __TI_Handler_Table_Base       
00001c3c  __TI_Handler_Table_Limit      
00001a8d  __TI_auto_init_nobinit_nopinit
00001a25  __TI_decompress_lzss          
00001bfd  __TI_decompress_none          
ffffffff  __TI_pprof_out_hndl           
ffffffff  __TI_prof_data_size           
ffffffff  __TI_prof_data_start          
00000000  __TI_static_base__            
00001bb7  __TI_zero_init_nomemset       
00001989  __aeabi_memcpy                
00001989  __aeabi_memcpy4               
00001989  __aeabi_memcpy8               
ffffffff  __binit__                     
ffffffff  __c_args__                    
UNDEFED   __mpu_init                    
20000000  __stack                       
20000000  __start___llvm_prf_cnts       
20000000  __stop___llvm_prf_cnts        
00001b11  _c_int00_noargs               
UNDEFED   _system_post_cinit            
00001c17  _system_pre_init              
00001c1b  abort                         
ffffffff  binit                         
000008c1  clearPinInterrupt             
20000254  config                        
20000261  count                         
00000fbf  disableDevice                 
0000089d  disablePinInterrupt           
000005d5  disablePinPulldown            
0000058d  disablePinPullup              
00000329  disablePort                   
00000fdb  disableSpiCs                  
00000fb1  enableDevice                  
00000879  enablePinInterrupt            
000005b1  enablePinPulldown             
0000055f  enablePinPullup               
0000026d  enablePort                    
00000fcd  enableSpiCs                   
00000000  g_pfnVectors                  
0000092f  getPinValue                   
000009e5  getPortValue                  
0000181f  getcUart0                     
000016f1  getcUart1                     
00001871  initRgb                       
000011f3  initSpi                       
000014a5  initSpi0                      
00001bed  initSystemClockTo40Mhz        
00001749  initUart0                     
00001611  initUart1                     
000013fb  isDataAvailable               
00001833  kbhitUart0                    
00001705  kbhitUart1                    
00000f13  main                          
00001989  memcpy                        
00000a9d  processSerial                 
000017d7  putcUart0                     
000016a9  putcUart1                     
000017f3  putsUart0                     
000016c5  putsUart1                     
000015e1  readSpi0Data                  
00000493  selectPinAnalogInput          
00000445  selectPinDigitalInput         
000007af  selectPinInterruptBothEdges   
0000075f  selectPinInterruptFallingEdge 
00000805  selectPinInterruptHighLevel   
0000083f  selectPinInterruptLowLevel    
0000070f  selectPinInterruptRisingEdge  
000003f7  selectPinOpenDrainOutput      
000003a9  selectPinPushPullOutput       
000005fd  setPinAuxFunction             
000004e3  setPinCommitControl           
000008e5  setPinValue                   
0000096d  setPortValue                  
00001919  setRgbColor                   
00001541  setSpi0BaudRate               
00001577  setSpi0Mode                   
00001793  setUart0BaudRate              
00001665  setUart1BaudRate              
20000200  strInput                      
00001bd3  strcmp                        
00001b6f  strcspn                       
00001b45  strspn                        
00001ad1  strtok                        
0000090b  togglePinValue                
20000258  token                         
00001b93  waitMicrosecond               
000015c5  writeSpi0Data                 


GLOBAL SYMBOLS: SORTED BY Symbol Address 

address   name                          
-------   ----                          
00000000  __TI_static_base__            
00000000  g_pfnVectors                  
00000200  __STACK_SIZE                  
0000026d  enablePort                    
00000329  disablePort                   
000003a9  selectPinPushPullOutput       
000003f7  selectPinOpenDrainOutput      
00000445  selectPinDigitalInput         
00000493  selectPinAnalogInput          
000004e3  setPinCommitControl           
0000055f  enablePinPullup               
0000058d  disablePinPullup              
000005b1  enablePinPulldown             
000005d5  disablePinPulldown            
000005fd  setPinAuxFunction             
0000070f  selectPinInterruptRisingEdge  
0000075f  selectPinInterruptFallingEdge 
000007af  selectPinInterruptBothEdges   
00000805  selectPinInterruptHighLevel   
0000083f  selectPinInterruptLowLevel    
00000879  enablePinInterrupt            
0000089d  disablePinInterrupt           
000008c1  clearPinInterrupt             
000008e5  setPinValue                   
0000090b  togglePinValue                
0000092f  getPinValue                   
0000096d  setPortValue                  
000009e5  getPortValue                  
00000a9d  processSerial                 
00000f13  main                          
00000fb1  enableDevice                  
00000fbf  disableDevice                 
00000fcd  enableSpiCs                   
00000fdb  disableSpiCs                  
00000fe9  NRF_WR_REG                    
0000101d  NRF_READ_REG                  
00001051  NRF_COMMAND                   
0000106d  NRF_WR_MULTI                  
000010c7  NRF24_res                     
000011f3  initSpi                       
0000121d  NRF24_Init                    
00001261  NRF24_InitRX                  
000012a5  NRF24_Tx                      
000012f1  NRF24_Transmit                
0000138d  NRF24_Rx                      
000013fb  isDataAvailable               
00001437  NRF24_Receive                 
000014a5  initSpi0                      
00001541  setSpi0BaudRate               
00001577  setSpi0Mode                   
000015c5  writeSpi0Data                 
000015e1  readSpi0Data                  
00001611  initUart1                     
00001665  setUart1BaudRate              
000016a9  putcUart1                     
000016c5  putsUart1                     
000016f1  getcUart1                     
00001705  kbhitUart1                    
00001749  initUart0                     
00001793  setUart0BaudRate              
000017d7  putcUart0                     
000017f3  putsUart0                     
0000181f  getcUart0                     
00001833  kbhitUart0                    
00001871  initRgb                       
00001919  setRgbColor                   
00001989  __aeabi_memcpy                
00001989  __aeabi_memcpy4               
00001989  __aeabi_memcpy8               
00001989  memcpy                        
00001a25  __TI_decompress_lzss          
00001a8d  __TI_auto_init_nobinit_nopinit
00001ad1  strtok                        
00001b11  _c_int00_noargs               
00001b45  strspn                        
00001b6f  strcspn                       
00001b93  waitMicrosecond               
00001bb7  __TI_zero_init_nomemset       
00001bd3  strcmp                        
00001bed  initSystemClockTo40Mhz        
00001bfd  __TI_decompress_none          
00001c0b  ResetISR                      
00001c17  _system_pre_init              
00001c1b  C$$EXIT                       
00001c1b  abort                         
00001c30  __TI_Handler_Table_Base       
00001c3c  __TI_Handler_Table_Limit      
00001c50  __TI_CINIT_Base               
00001c60  __TI_CINIT_Limit              
20000000  __stack                       
20000000  __start___llvm_prf_cnts       
20000000  __stop___llvm_prf_cnts        
20000200  __STACK_END                   
20000200  __STACK_TOP                   
20000200  strInput                      
20000254  config                        
20000258  token                         
20000261  count                         
20000262  SYN_SEND                      
ffffffff  __TI_pprof_out_hndl           
ffffffff  __TI_prof_data_size           
ffffffff  __TI_prof_data_start          
ffffffff  __binit__                     
ffffffff  __c_args__                    
ffffffff  binit                         
UNDEFED   __mpu_init                    
UNDEFED   _system_post_cinit            

[107 symbols]
